ILBDA AMTAZ
LVMYD OOWCU SSDZV FDHFR FIMAY JRTIV ZFMK
AWSEX AKLEY PYZKA DIHWL MXGTI AKCMQ KLLQC CRPBL
TRJPG PDELS XDPRX KFVXJ RENYH XOGC
TNIZJ SRNAZ QFCFL TEXBK ZKQZK CJVDN CZU
KFHFA CZOBC MESQO IAAGO FIWJG QAWUA VFR
AEDAT KQOHE HQFMZ KYNMT AWZUY RWKFX UGYOG Q
TXRDG BQNNT IFOAO BBWKO IVKXV UVZMB YZFVV AU
LSSFR AIPYA YHBDN XPJWA TYQDI IYPVD D
HRNPG MBCZQ AKKUV EFESJ RCGHU YPJPZ WV
QIWWR GKSHA NPTXP RGGXF IQGQW RAQVW S
RUJVB MUNCE FSTBT TPSSY NVAXQ JGQJO BUJMD MGD
QWPNN UXVVZ JGUPL SODHI HILOV PQWXK PZL
QJZJP XQMTE AYIBI JRVCO FYISE YKKPP A
IRGOO USNWM TRZXE AZIZD KCSIO IIGRF J
FNQPX DRDIM CDECF IIANU CAWUG HDIWU EFH
IXDXU BGBQZ FIWPV XRXKA LIGJC SEYOH OBI
HYIHL BKOML IUYDC MPPSF SZW
SQCNJ EXNUO JYRZE KTCNB DGU
FLIIE GEPGR SJUJT CALGX SNCTM KUF
WMFCK WIPRY SODJC VCFYQ LV
QLMBY UQRIR XEPOV EUHFI RIF
KCGVS FPBGP KDRFY RTVMW GFU
NMXEH FHVPQ IDOAC GUIWG TNM
KVCKC FDZIO PYEVX NTBXY AHAO
BMQOP GTZX
VXQXO LEDRW YCMMW AONVU KQ
OUFAS RHACK
KXOMZ TDALH UNVXK PXBHA VQ
XVXEP UNUXT XYNIF FMDYJ VKH

FROMH ISSHO ULDER HIAWA THA
TOOKT HECAM ERAOF ROSEW OOD
MADEO FSLID INGFO LDING ROSEW OOD
NEATL YPUTI TALLT OGETH ER
INITS CASEI TLAYC OMPAC TLY
FOLDE DINTO NEARL YNOTH ING
BUTHE OPENE DOUTT HEHIN GES
PUSHE DANDP ULLED THEJO INTS
ANDHI NGES
TILLI TLOOK EDALL SQUAR ES
ANDOB LONGS
LIKEA COMPL ICATE DFIGU RE
INTHE SECON DBOOK OFEUC LID

N
FT
ZMG
ISXI
PJWGD
NJJCO Q
TYRIG DM
XFIES RWZ
GTOIU IEKK
DCSHT PYOEP
BGFIO YCOVH EMPIO JIUYW YRLZY DMMHG CGDS
WIDLX EDFJZ CUNCZ FMOHU YKXVN SVUZC TT
JCHQF MOQPU HXZZW KLIIU MWEIE H
NFTZM GISXI PJWGD NJJCO QTYRI GDM
JCNBE GNHEJ ZLEKN SCFKB KNQHS PBK
VKBZO QTWWT ZRUHV WYYHW VS
TPFQQ USLNJ RLEGR IZULU VA
WUFUV NIMVR MCNKS MDBCB
KGAQA ZWZBZ XRLLP XNBIS L
BSFKT IOZMV BLWCT JIGJB WNEWI BV
SNJNE CBCOI UTWUS BJVLU ZEHMV
ZZMTQ PWEWM WNKHZ YEKAA HIJ
MEQHB MTGXA OOOAK LBDH
MAAUY KBDAB LTCHW YGYRR QBSZG C
OZNWG UKCBD KEZSA JADMQ PPWJ
LQYFN METGY BYCDC DDBQB X
CPLJE EFKQE CAEVE OQWFS COMX
XJTKL SUDRJ AUFSG TXWYR RV
HJFDX SOWQC OQFFF LWCKJ NYQCT CQ
ZFMVJ KIJDA YAYXT FEMYS XG
KAEEF CAZUU ZJYKK FVDBL CL
ALOBH FUZYZ XMVFQ DSWQO QSZDU N
ZOMBF FCOHF TKVHO FJQIB XJ
ARSYE AQHFE BUIYR WRQWN YVF
DSJAE MVFLB OUOMO ESIWO OJYVR RMRQN
ABSZC HXBMC SMVGV JLVZM TLQBZ XSV
VACJC LBEHX VKPRI JYKCT XCSWX
ZSHWT AZKWE MHPUK RWBYB GA
ZZTJI MVHTH LWTIX NQCIY NFH
JOJDW XPBJZ JQLUP CSTMU FIW
CAONJ VYKKO TGJKX FRZDP QGW
CIPFB XRDBX SQCZI LUTZG A
CZJHL AERIF RBSOF KEHBD HPOX
EYBKO NIXFB ODTBE KLCSV VWBJA
ROJUG DJKQV YDVAG BDBPC AIKPM
ZAHED KSHLP UQAEM BLVHF NFGYK
CQJOK CCBZO KYIUK HMJPJ SBATS
DWMUW EKVAV SYVED XTLBI UB